[     459ms] [ERROR] Failed to load resource: net::ERR_CONNECTION_REFUSED @ https://cdn.pendo.io/agent/static/674b3c81-3791-4a19-7986-1743cc7dba0f/pendo.js:0
[     816ms] [ERROR] Failed to load resource: the server responded with a status of 401 () @ https://api.codecov.io/internal/user:0
[    1489ms] [ERROR] Failed to load resource: net::ERR_CONNECTION_REFUSED @ https://amplitude.codecov.io/2/httpapi:0
[    1490ms] [ERROR] Amplitude Logger [Error]: Failed to fetch @ https://app.codecov.io/assets/vendor_sentry.CPxyYk6fhnE4_P_m4YwoH.js:8
[    1490ms] [WARNING] Amplitude Logger [Warn]: {code: 0, error: "Status 'failed' provided for 3 events"} @ https://app.codecov.io/assets/vendor_sentry.CPxyYk6fhnE4_P_m4YwoH.js:8
[    2494ms] [ERROR] Failed to load resource: net::ERR_CONNECTION_REFUSED @ https://amplitude.codecov.io/2/httpapi:0
[    2494ms] [ERROR] Amplitude Logger [Error]: Failed to fetch @ https://app.codecov.io/assets/vendor_sentry.CPxyYk6fhnE4_P_m4YwoH.js:8
[    2494ms] [WARNING] Amplitude Logger [Warn]: {code: 0, error: "Status 'failed' provided for 3 events"} @ https://app.codecov.io/assets/vendor_sentry.CPxyYk6fhnE4_P_m4YwoH.js:8
[    4515ms] [ERROR] Failed to load resource: net::ERR_CONNECTION_REFUSED @ https://amplitude.codecov.io/2/httpapi:0
[    4515ms] [ERROR] Amplitude Logger [Error]: Failed to fetch @ https://app.codecov.io/assets/vendor_sentry.CPxyYk6fhnE4_P_m4YwoH.js:8
[    4515ms] [WARNING] Amplitude Logger [Warn]: {code: 0, error: "Status 'failed' provided for 3 events"} @ https://app.codecov.io/assets/vendor_sentry.CPxyYk6fhnE4_P_m4YwoH.js:8
[    5522ms] [ERROR] Failed to load resource: net::ERR_CONNECTION_REFUSED @ https://amplitude.codecov.io/2/httpapi:0
[    5522ms] [ERROR] Amplitude Logger [Error]: Failed to fetch @ https://app.codecov.io/assets/vendor_sentry.CPxyYk6fhnE4_P_m4YwoH.js:8
[    5523ms] [WARNING] Amplitude Logger [Warn]: {code: 0, error: "Status 'failed' provided for 3 events"} @ https://app.codecov.io/assets/vendor_sentry.CPxyYk6fhnE4_P_m4YwoH.js:8
[    7536ms] [ERROR] Failed to load resource: net::ERR_CONNECTION_REFUSED @ https://amplitude.codecov.io/2/httpapi:0
[    7536ms] [ERROR] Amplitude Logger [Error]: Failed to fetch @ https://app.codecov.io/assets/vendor_sentry.CPxyYk6fhnE4_P_m4YwoH.js:8
[    7536ms] [WARNING] Amplitude Logger [Warn]: {code: 0, error: "Status 'failed' provided for 3 events"} @ https://app.codecov.io/assets/vendor_sentry.CPxyYk6fhnE4_P_m4YwoH.js:8
[    7536ms] [ERROR] Amplitude Logger [Error]: Event rejected due to exceeded retry count @ https://app.codecov.io/assets/vendor_sentry.CPxyYk6fhnE4_P_m4YwoH.js:8
[    7536ms] [ERROR] Amplitude Logger [Error]: Event rejected due to exceeded retry count @ https://app.codecov.io/assets/vendor_sentry.CPxyYk6fhnE4_P_m4YwoH.js:8
[    7536ms] [ERROR] Amplitude Logger [Error]: Event rejected due to exceeded retry count @ https://app.codecov.io/assets/vendor_sentry.CPxyYk6fhnE4_P_m4YwoH.js:8
