[     398ms] [ERROR] Failed to load resource: net::ERR_CONNECTION_REFUSED @ https://cdn.pendo.io/agent/static/674b3c81-3791-4a19-7986-1743cc7dba0f/pendo.js:0
[    1021ms] [ERROR] Failed to load resource: the server responded with a status of 401 () @ https://api.codecov.io/internal/user:0
[    1598ms] [ERROR] Failed to load resource: net::ERR_CONNECTION_REFUSED @ https://amplitude.codecov.io/2/httpapi:0
[    1598ms] [ERROR] Amplitude Logger [Error]: Failed to fetch @ https://app.codecov.io/assets/vendor_sentry.CPxyYk6fhnE4_P_m4YwoH.js:8
[    1598ms] [WARNING] Amplitude Logger [Warn]: {code: 0, error: "Status 'failed' provided for 3 events"} @ https://app.codecov.io/assets/vendor_sentry.CPxyYk6fhnE4_P_m4YwoH.js:8
[    2602ms] [ERROR] Failed to load resource: net::ERR_CONNECTION_REFUSED @ https://amplitude.codecov.io/2/httpapi:0
[    2603ms] [ERROR] Amplitude Logger [Error]: Failed to fetch @ https://app.codecov.io/assets/vendor_sentry.CPxyYk6fhnE4_P_m4YwoH.js:8
[    2603ms] [WARNING] Amplitude Logger [Warn]: {code: 0, error: "Status 'failed' provided for 3 events"} @ https://app.codecov.io/assets/vendor_sentry.CPxyYk6fhnE4_P_m4YwoH.js:8
[    4612ms] [ERROR] Failed to load resource: net::ERR_CONNECTION_REFUSED @ https://amplitude.codecov.io/2/httpapi:0
[    4612ms] [ERROR] Amplitude Logger [Error]: Failed to fetch @ https://app.codecov.io/assets/vendor_sentry.CPxyYk6fhnE4_P_m4YwoH.js:8
[    4612ms] [WARNING] Amplitude Logger [Warn]: {code: 0, error: "Status 'failed' provided for 3 events"} @ https://app.codecov.io/assets/vendor_sentry.CPxyYk6fhnE4_P_m4YwoH.js:8
[    5614ms] [ERROR] Failed to load resource: net::ERR_CONNECTION_REFUSED @ https://amplitude.codecov.io/2/httpapi:0
[    5614ms] [ERROR] Amplitude Logger [Error]: Failed to fetch @ https://app.codecov.io/assets/vendor_sentry.CPxyYk6fhnE4_P_m4YwoH.js:8
[    5615ms] [WARNING] Amplitude Logger [Warn]: {code: 0, error: "Status 'failed' provided for 3 events"} @ https://app.codecov.io/assets/vendor_sentry.CPxyYk6fhnE4_P_m4YwoH.js:8
[    7624ms] [ERROR] Failed to load resource: net::ERR_CONNECTION_REFUSED @ https://amplitude.codecov.io/2/httpapi:0
[    7624ms] [ERROR] Amplitude Logger [Error]: Failed to fetch @ https://app.codecov.io/assets/vendor_sentry.CPxyYk6fhnE4_P_m4YwoH.js:8
[    7624ms] [WARNING] Amplitude Logger [Warn]: {code: 0, error: "Status 'failed' provided for 3 events"} @ https://app.codecov.io/assets/vendor_sentry.CPxyYk6fhnE4_P_m4YwoH.js:8
[    7624ms] [ERROR] Amplitude Logger [Error]: Event rejected due to exceeded retry count @ https://app.codecov.io/assets/vendor_sentry.CPxyYk6fhnE4_P_m4YwoH.js:8
[    7624ms] [ERROR] Amplitude Logger [Error]: Event rejected due to exceeded retry count @ https://app.codecov.io/assets/vendor_sentry.CPxyYk6fhnE4_P_m4YwoH.js:8
[    7625ms] [ERROR] Amplitude Logger [Error]: Event rejected due to exceeded retry count @ https://app.codecov.io/assets/vendor_sentry.CPxyYk6fhnE4_P_m4YwoH.js:8
