[     453ms] [ERROR] Failed to load resource: net::ERR_CONNECTION_REFUSED @ https://cdn.pendo.io/agent/static/674b3c81-3791-4a19-7986-1743cc7dba0f/pendo.js:0
[     673ms] [ERROR] Failed to load resource: the server responded with a status of 401 () @ https://api.codecov.io/internal/user:0
[    1480ms] [ERROR] Failed to load resource: net::ERR_CONNECTION_REFUSED @ https://amplitude.codecov.io/2/httpapi:0
[    1481ms] [ERROR] Amplitude Logger [Error]: Failed to fetch @ https://app.codecov.io/assets/vendor_sentry.CPxyYk6fhnE4_P_m4YwoH.js:8
[    1481ms] [WARNING] Amplitude Logger [Warn]: {code: 0, error: "Status 'failed' provided for 3 events"} @ https://app.codecov.io/assets/vendor_sentry.CPxyYk6fhnE4_P_m4YwoH.js:8
[    2487ms] [ERROR] Failed to load resource: net::ERR_CONNECTION_REFUSED @ https://amplitude.codecov.io/2/httpapi:0
[    2487ms] [ERROR] Amplitude Logger [Error]: Failed to fetch @ https://app.codecov.io/assets/vendor_sentry.CPxyYk6fhnE4_P_m4YwoH.js:8
[    2487ms] [WARNING] Amplitude Logger [Warn]: {code: 0, error: "Status 'failed' provided for 3 events"} @ https://app.codecov.io/assets/vendor_sentry.CPxyYk6fhnE4_P_m4YwoH.js:8
[    4504ms] [ERROR] Failed to load resource: net::ERR_CONNECTION_REFUSED @ https://amplitude.codecov.io/2/httpapi:0
[    4505ms] [ERROR] Amplitude Logger [Error]: Failed to fetch @ https://app.codecov.io/assets/vendor_sentry.CPxyYk6fhnE4_P_m4YwoH.js:8
[    4505ms] [WARNING] Amplitude Logger [Warn]: {code: 0, error: "Status 'failed' provided for 3 events"} @ https://app.codecov.io/assets/vendor_sentry.CPxyYk6fhnE4_P_m4YwoH.js:8
[    5508ms] [ERROR] Failed to load resource: net::ERR_CONNECTION_REFUSED @ https://amplitude.codecov.io/2/httpapi:0
[    5508ms] [ERROR] Amplitude Logger [Error]: Failed to fetch @ https://app.codecov.io/assets/vendor_sentry.CPxyYk6fhnE4_P_m4YwoH.js:8
[    5508ms] [WARNING] Amplitude Logger [Warn]: {code: 0, error: "Status 'failed' provided for 3 events"} @ https://app.codecov.io/assets/vendor_sentry.CPxyYk6fhnE4_P_m4YwoH.js:8
[    7515ms] [ERROR] Failed to load resource: net::ERR_CONNECTION_REFUSED @ https://amplitude.codecov.io/2/httpapi:0
[    7515ms] [ERROR] Amplitude Logger [Error]: Failed to fetch @ https://app.codecov.io/assets/vendor_sentry.CPxyYk6fhnE4_P_m4YwoH.js:8
[    7515ms] [WARNING] Amplitude Logger [Warn]: {code: 0, error: "Status 'failed' provided for 3 events"} @ https://app.codecov.io/assets/vendor_sentry.CPxyYk6fhnE4_P_m4YwoH.js:8
[    7516ms] [ERROR] Amplitude Logger [Error]: Event rejected due to exceeded retry count @ https://app.codecov.io/assets/vendor_sentry.CPxyYk6fhnE4_P_m4YwoH.js:8
[    7516ms] [ERROR] Amplitude Logger [Error]: Event rejected due to exceeded retry count @ https://app.codecov.io/assets/vendor_sentry.CPxyYk6fhnE4_P_m4YwoH.js:8
[    7516ms] [ERROR] Amplitude Logger [Error]: Event rejected due to exceeded retry count @ https://app.codecov.io/assets/vendor_sentry.CPxyYk6fhnE4_P_m4YwoH.js:8
[ 1619640ms] [ERROR] Failed to load resource: net::ERR_CONNECTION_REFUSED @ https://ogads-pa.clients6.google.com/$rpc/google.internal.onegoogle.asyncdata.v1.AsyncDataService/GetAsyncData:0
[ 1619876ms] [ERROR] Failed to load resource: net::ERR_CONNECTION_REFUSED @ https://ep1.adtrafficquality.google/getconfig/sodar?sv=200&tid=oos&tv=2521&st=cr_env&sjk=A6mIaoLbBcuekPIP-pzriAI:0
[ 1620991ms] [WARNING] A speculation rule set was inserted into the document but will be ignored. This might happen, for example, if it was previously inserted into another document, or if it was created using the innerHTML setter. @ https://www.google.com/search?q=cursor+agent+tmux+keeps+scrolling+through+the+whole+history&rlz=1C5OZZY_enUS1167US1167&oq=cursor+agent+tmux+keeps+scrolling+through+the+whole+history&gs_lcrp=EgZjaHJvbWUyBggAEEUYOTIHCAEQIRigATIHCAIQIRigATIHCAMQIRigATIHCAQQIRigATIHCAUQIRifBTIHCAYQIRifBTIHCAcQIRifBTIHCAgQIRifBTIHCAkQIRifBdIBCDYyNDlqMGo0qAIAsAIB&sourceid=chrome&source=chrome.ob&ie=UTF-8:33
[ 1661392ms] [VERBOSE] [DOM] Input elements should have autocomplete attributes (suggested: "current-password"): (More info: https://goo.gl/9p2vKq) %o @ https://forum.cursor.com/t/cursor-cli-should-limit-history-retention-to-reduce-tmux-refresh-churn/158881:0
[ 1661395ms] [ERROR] Failed to load theme 157 from https://sea3.discourse-cdn.com/cursor1/theme-javascripts/c579bf3b5de42eab6ddeb88be30e9a9ee86bd2d0.js?__ws=forum.cursor.com Error: Could not find module `discourse/admin/components/chart` imported from `(require)`
    at Ioe (https://us1.discourse-cdn.com/cursor1/assets/br/discourse-ckjjm5yo.digested.js:9:4493)
    at dp (https://us1.discourse-cdn.com/cursor1/assets/br/discourse-ckjjm5yo.digested.js:9:4660)
    at window.requirejs.window.require.window.requireModule (https://us1.discourse-cdn.com/cursor1/assets/br/discourse-ckjjm5yo.digested.js:9:1812)
    at https://us1.discourse-cdn.com/cursor1/assets/br/chunk-ln9q81id.digested.js:1:999
    at Object.lookup (https://us1.discourse-cdn.com/cursor1/assets/br/discourse-ckjjm5yo.digested.js:233:328)
    at https://sea3.discourse-cdn.com/cursor1/theme-javascripts/c579bf3b5de42eab6ddeb88be30e9a9ee86bd2d0.js?__ws=forum.cursor.com:1:709 @ https://us1.discourse-cdn.com/cursor1/assets/br/discourse-ckjjm5yo.digested.js:232
[ 1661404ms] [LOG] ℹ️ Discourse v2026.8.0-latest.1 — https://github.com/discourse/discourse/commits/5b3af34781 — Ember v6.10.1 @ https://us1.discourse-cdn.com/cursor1/assets/br/discourse-ckjjm5yo.digested.js:232
[ 1661421ms] [ERROR] [THEME 157 'Forum Success Stats'] Error: Could not find module `discourse/admin/components/chart` imported from `(require)`
    at Ioe (https://us1.discourse-cdn.com/cursor1/assets/br/discourse-ckjjm5yo.digested.js:9:4493)
    at dp (https://us1.discourse-cdn.com/cursor1/assets/br/discourse-ckjjm5yo.digested.js:9:4660)
    at window.requirejs.window.require.window.requireModule (https://us1.discourse-cdn.com/cursor1/assets/br/discourse-ckjjm5yo.digested.js:9:1812)
    at https://us1.discourse-cdn.com/cursor1/assets/br/chunk-ln9q81id.digested.js:1:999
    at Object.lookup (https://us1.discourse-cdn.com/cursor1/assets/br/discourse-ckjjm5yo.digested.js:233:328)
    at https://sea3.discourse-cdn.com/cursor1/theme-javascripts/c579bf3b5de42eab6ddeb88be30e9a9ee86bd2d0.js?__ws=forum.cursor.com:1:709 @ https://us1.discourse-cdn.com/cursor1/assets/br/discourse-ckjjm5yo.digested.js:152
[ 1661427ms] [WARNING] [THEME 90 '<Cursor> Topic List User Preview Override'] DEPRECATION NOTICE: Using api.modifyClass on `model:topic` is deprecated. Use the `addModelField`, `addModelAccessor`/`addModelGetter`/`addModelSetter`, `addModelMethod`, `addModelSaveProperty` and `addModelCallback` APIs instead. [deprecated since Discourse 2026.8] [deprecation id: discourse.modify-class-model] @ https://us1.discourse-cdn.com/cursor1/assets/br/chunk-njwb5oon.digested.js:0
[ 1661427ms] [WARNING] [THEME 190 '<Cursor>Alternative Voting Category Style 2'] api.registerValueTransformer: transformer "navigation-bar-items" is unknown and will be ignored. Is the name correct? Are you using the correct API for the transformer type? @ https://us1.discourse-cdn.com/cursor1/assets/br/chunk-jprrq7fw.digested.js:18
[ 1671512ms] [ERROR] Failed to load resource: the server responded with a status of 429 () @ https://forum.cursor.com/deprecation-collector/log:0
[ 1683207ms] [WARNING] A speculation rule set was inserted into the document but will be ignored. This might happen, for example, if it was previously inserted into another document, or if it was created using the innerHTML setter. @ https://www.google.com/search?q=cursor+agent+tmux+keeps+scrolling+through+the+whole+history&rlz=1C5OZZY_enUS1167US1167&oq=cursor+agent+tmux+keeps+scrolling+through+the+whole+history&gs_lcrp=EgZjaHJvbWUyBggAEEUYOTIHCAEQIRigATIHCAIQIRigATIHCAMQIRigATIHCAQQIRigATIHCAUQIRifBTIHCAYQIRifBTIHCAcQIRifBTIHCAgQIRifBTIHCAkQIRifBdIBCDYyNDlqMGo0qAIAsAIB&sourceid=chrome&source=chrome.ob&ie=UTF-8:33
[ 1683261ms] [ERROR] Failed to load resource: net::ERR_CONNECTION_REFUSED @ https://ogads-pa.clients6.google.com/$rpc/google.internal.onegoogle.asyncdata.v1.AsyncDataService/GetAsyncData:0
[ 1683622ms] [ERROR] Failed to load resource: net::ERR_CONNECTION_REFUSED @ https://ep1.adtrafficquality.google/getconfig/sodar?sv=200&tid=oos&tv=2521&st=cr_env&sjk=A6mIaoLbBcuekPIP-pzriAI:0
